// Vitest Snapshot v1

exports[`App tests > The app opens onto the homepage 1`] = `undefined`;

exports[`Navbar tests > The Navbar renders 1`] = `undefined`;
